Using pre-set license
Built from '2020.3/release' branch; Version is '2020.3.49f1 (18249dd5551b) revision 1582237'; Using compiler version '192528614'; Build Type 'Release'
OS: 'Windows 11  (10.0.26100) 64bit Core' Language: 'en' Physical Memory: 32060 MB
BatchMode: 1, IsHumanControllingUs: 0, StartBugReporterOnCrash: 0, Is64bit: 1, IsPro: 0

COMMAND LINE ARGUMENTS:
C:\Program Files\Unity\Hub\Editor\2020.3.49f1\Editor\Unity.exe
-adb2
-batchMode
-noUpm
-name
AssetImportWorker0
-projectPath
C:/Users/denni/Documents/Unity/Ninja Frog 2 - Pink Dude - PROJECT
-logFile
Logs/AssetImportWorker0.log
-srvPort
60935
Successfully changed project path to: C:/Users/denni/Documents/Unity/Ninja Frog 2 - Pink Dude - PROJECT
C:/Users/denni/Documents/Unity/Ninja Frog 2 - Pink Dude - PROJECT
Using Asset Import Pipeline V2.
Player connection [11000] Host "[IP] 172.31.218.59 [Port] 1073959392 [Flags] 2 [Guid] 727083411 [EditorId] 727083411 [Version] 1048832 [Id] WindowsEditor(7,LAPTOP-DENNIS) [Debug] 1 [PackageName] WindowsEditor [ProjectName] Editor" joined multi-casting on [225.0.0.222:54997]...

Player connection [11000] Host "[IP] 172.31.218.59 [Port] 1073959392 [Flags] 2 [Guid] 727083411 [EditorId] 727083411 [Version] 1048832 [Id] WindowsEditor(7,LAPTOP-DENNIS) [Debug] 1 [PackageName] WindowsEditor [ProjectName] Editor" joined alternative multi-casting on [225.0.0.222:34997]...

Refreshing native plugins compatible for Editor in 31.35 ms, found 3 plugins.
Preloading 0 native plugins for Editor in 0.00 ms.
Initialize engine version: 2020.3.49f1 (18249dd5551b)
[Subsystems] Discovering subsystems at path C:/Program Files/Unity/Hub/Editor/2020.3.49f1/Editor/Data/Resources/UnitySubsystems
[Subsystems] Discovering subsystems at path C:/Users/denni/Documents/Unity/Ninja Frog 2 - Pink Dude - PROJECT/Assets
GfxDevice: creating device client; threaded=0
Direct3D:
    Version:  Direct3D 11.0 [level 11.1]
    Renderer: NVIDIA GeForce RTX 5060 Laptop GPU (ID=0x2d19)
    Vendor:   
    VRAM:     7899 MB
    Driver:   32.0.15.9144
Initialize mono
Mono path[0] = 'C:/Program Files/Unity/Hub/Editor/2020.3.49f1/Editor/Data/Managed'
Mono path[1] = 'C:/Program Files/Unity/Hub/Editor/2020.3.49f1/Editor/Data/MonoBleedingEdge/lib/mono/unityjit'
Mono config path = 'C:/Program Files/Unity/Hub/Editor/2020.3.49f1/Editor/Data/MonoBleedingEdge/etc'
Using monoOptions --debugger-agent=transport=dt_socket,embedding=1,server=y,suspend=n,address=127.0.0.1:56292
Begin MonoManager ReloadAssembly
Registering precompiled unity dll's ...
Register platform support module: C:/Program Files/Unity/Hub/Editor/2020.3.49f1/Editor/Data/PlaybackEngines/MacStandaloneSupport/UnityEditor.OSXStandalone.Extensions.dll
Register platform support module: C:/Program Files/Unity/Hub/Editor/2020.3.49f1/Editor/Data/PlaybackEngines/WindowsStandaloneSupport/UnityEditor.WindowsStandalone.Extensions.dll
Registered in 0.001231 seconds.
Native extension for WindowsStandalone target not found
Native extension for OSXStandalone target not found
Refreshing native plugins compatible for Editor in 29.81 ms, found 3 plugins.
Preloading 0 native plugins for Editor in 0.00 ms.
Mono: successfully reloaded assembly
- Completed reload, in  0.348 seconds
Domain Reload Profiling:
	ReloadAssembly (348ms)
		BeginReloadAssembly (36ms)
			ExecutionOrderSort (0ms)
			DisableScriptedObjects (0ms)
			BackupInstance (0ms)
			ReleaseScriptingObjects (0ms)
			CreateAndSetChildDomain (0ms)
		EndReloadAssembly (272ms)
			LoadAssemblies (35ms)
			RebuildTransferFunctionScriptingTraits (0ms)
			SetupTypeCache (87ms)
			ReleaseScriptCaches (0ms)
			RebuildScriptCaches (17ms)
			SetupLoadedEditorAssemblies (109ms)
				LogAssemblyErrors (0ms)
				InitializePlatformSupportModulesInManaged (4ms)
				SetLoadedEditorAssemblies (0ms)
				RefreshPlugins (30ms)
				BeforeProcessingInitializeOnLoad (10ms)
				ProcessInitializeOnLoadAttributes (49ms)
				ProcessInitializeOnLoadMethodAttributes (16ms)
				AfterProcessingInitializeOnLoad (0ms)
				EditorAssembliesLoaded (0ms)
			ExecutionOrderSort2 (0ms)
			AwakeInstancesAfterBackupRestoration (0ms)
Platform modules already initialized, skipping
Registering precompiled user dll's ...
Registered in 0.001661 seconds.
Begin MonoManager ReloadAssembly
Native extension for WindowsStandalone target not found
Native extension for OSXStandalone target not found
Refreshing native plugins compatible for Editor in 29.36 ms, found 3 plugins.
Preloading 0 native plugins for Editor in 0.00 ms.
Mono: successfully reloaded assembly
- Completed reload, in  0.621 seconds
Domain Reload Profiling:
	ReloadAssembly (621ms)
		BeginReloadAssembly (81ms)
			ExecutionOrderSort (0ms)
			DisableScriptedObjects (2ms)
			BackupInstance (0ms)
			ReleaseScriptingObjects (0ms)
			CreateAndSetChildDomain (16ms)
		EndReloadAssembly (504ms)
			LoadAssemblies (60ms)
			RebuildTransferFunctionScriptingTraits (0ms)
			SetupTypeCache (162ms)
			ReleaseScriptCaches (0ms)
			RebuildScriptCaches (25ms)
			SetupLoadedEditorAssemblies (210ms)
				LogAssemblyErrors (0ms)
				InitializePlatformSupportModulesInManaged (3ms)
				SetLoadedEditorAssemblies (0ms)
				RefreshPlugins (29ms)
				BeforeProcessingInitializeOnLoad (50ms)
				ProcessInitializeOnLoadAttributes (117ms)
				ProcessInitializeOnLoadMethodAttributes (8ms)
				AfterProcessingInitializeOnLoad (3ms)
				EditorAssembliesLoaded (0ms)
			ExecutionOrderSort2 (0ms)
			AwakeInstancesAfterBackupRestoration (1ms)
Platform modules already initialized, skipping
========================================================================
Worker process is ready to serve import requests
Launched and connected shader compiler UnityShaderCompiler.exe after 0.03 seconds
Refreshing native plugins compatible for Editor in 0.79 ms, found 3 plugins.
Preloading 0 native plugins for Editor in 0.00 ms.
Unloading 2045 Unused Serialized files (Serialized files now loaded: 0)
System memory in use before: 93.0 MB.
System memory in use after: 93.1 MB.

Unloading 25 unused Assets to reduce memory usage. Loaded Objects now: 2485.
Total: 2.045600 ms (FindLiveObjects: 0.132300 ms CreateObjectMapping: 0.026200 ms MarkObjects: 1.830300 ms  DeleteObjects: 0.055900 ms)

AssetImportParameters requested are different than current active one (requested -> active):
  custom:framework-win-MediaFoundation: 216162199b28c13a410421893ffa2e32 -> 
  custom:video-decoder-ogg-theora: a1e56fd34408186e4bbccfd4996cb3dc -> 
  custom:container-muxer-webm: aa71ff27fc2769a1b78a27578f13a17b -> 
  custom:container-demuxer-webm: 4f35f7cbe854078d1ac9338744f61a02 -> 
  custom:container-demuxer-ogg: 62fdf1f143b41e24485cea50d1cbac27 -> 
  custom:video-encoder-webm-vp8: eb34c28f22e8b96e1ab97ce403110664 -> 
  custom:video-codec-MediaFoundation-h265: e54d7ab0439102e2317fc1e4b246158d -> 
  custom:video-decoder-webm-vp8: 9c59270c3fd7afecdb556c50c9e8de78 -> 
  custom:audio-decoder-ogg-vorbis: bf7c407c2cedff20999df2af8eb42d56 -> 
  custom:audio-encoder-webm-vorbis: bf7c407c2cedff20999df2af8eb42d56 -> 
========================================================================
Received Import Request.
  path: Assets/!Prefabs/Levels/Player 1.prefab
  artifactKey: Guid(ae45c0a207fd9a548b68f4cfdbcf2b7c) Importer(815301076,1909f56bfc062723c751e8b465ee728b)
Start importing Assets/!Prefabs/Levels/Player 1.prefab using Guid(ae45c0a207fd9a548b68f4cfdbcf2b7c) Importer(815301076,1909f56bfc062723c751e8b465ee728b)  -> (artifact id: 'ce83b7f4fc7529cc79401da7b8052da2') in 0.124589 seconds 
========================================================================
Received Import Request.
  Time since last request: 0.000194 seconds.
  path: Assets/!Prefabs/Levels/Player 2.prefab
  artifactKey: Guid(d44a27907788c4f4d819f887e77f5244) Importer(815301076,1909f56bfc062723c751e8b465ee728b)
Start importing Assets/!Prefabs/Levels/Player 2.prefab using Guid(d44a27907788c4f4d819f887e77f5244) Importer(815301076,1909f56bfc062723c751e8b465ee728b)  -> (artifact id: '80bcbcf5cffe5d531a7638b5966c6954') in 0.027408 seconds 
========================================================================
Received Import Request.
  Time since last request: 0.462742 seconds.
  path: Assets/Scripts/Camera/CameraFree.cs
  artifactKey: Guid(54e10ffe77b8a074fa65e9a2cc8d99ed) Importer(815301076,1909f56bfc062723c751e8b465ee728b)
Start importing Assets/Scripts/Camera/CameraFree.cs using Guid(54e10ffe77b8a074fa65e9a2cc8d99ed) Importer(815301076,1909f56bfc062723c751e8b465ee728b)  -> (artifact id: 'ef1f69d049f8e129a1a748f95060e019') in 0.024068 seconds 
========================================================================
Received Import Request.
  Time since last request: 0.284544 seconds.
  path: Assets/Scripts/Camera/CameraZoom.cs
  artifactKey: Guid(a51cc304b410e3049afb3ad47d6e05da) Importer(815301076,1909f56bfc062723c751e8b465ee728b)
Start importing Assets/Scripts/Camera/CameraZoom.cs using Guid(a51cc304b410e3049afb3ad47d6e05da) Importer(815301076,1909f56bfc062723c751e8b465ee728b)  -> (artifact id: '481a6eb00321ab10e2c24dc9f50a479c') in 0.014154 seconds 
========================================================================
Received Import Request.
  Time since last request: 321.433164 seconds.
  path: Assets/Scripts/General/Settings.cs
  artifactKey: Guid(a495c2c331402e048a273dfebe878038) Importer(815301076,1909f56bfc062723c751e8b465ee728b)
Start importing Assets/Scripts/General/Settings.cs using Guid(a495c2c331402e048a273dfebe878038) Importer(815301076,1909f56bfc062723c751e8b465ee728b)  -> (artifact id: '46dd30a5e053988b7276e68f2772d5e8') in 0.014701 seconds 
========================================================================
Received Import Request.
  Time since last request: 45.657656 seconds.
  path: Assets/Scripts/General/SettingsManager.cs
  artifactKey: Guid(a787ad2fc9bcf1e43885e32bb29e6d1e) Importer(815301076,1909f56bfc062723c751e8b465ee728b)
Start importing Assets/Scripts/General/SettingsManager.cs using Guid(a787ad2fc9bcf1e43885e32bb29e6d1e) Importer(815301076,1909f56bfc062723c751e8b465ee728b)  -> (artifact id: '4743ee3ac63e958f1dd31bb30327aa5e') in 0.015558 seconds 
========================================================================
Received Import Request.
  Time since last request: 108.249773 seconds.
  path: Assets/Scripts/General/DoNotDestroy.cs
  artifactKey: Guid(6efa241c6cd0d9246b9c9a4bc8efa433) Importer(815301076,1909f56bfc062723c751e8b465ee728b)
Start importing Assets/Scripts/General/DoNotDestroy.cs using Guid(6efa241c6cd0d9246b9c9a4bc8efa433) Importer(815301076,1909f56bfc062723c751e8b465ee728b)  -> (artifact id: '48feb919968794f45617b71507ab0ea3') in 0.014625 seconds 
AssetImportWorkerClient::OnTransportError - code=2 error=End of file
